// Jest Snapshot v1, https://goo.gl/fbAQLP

exports[`test on GifExpertApp component should match Snapshot 1`] = `
<div>
  <h1>
    GifExpertApp
  </h1>
  <form
    aria-label="form"
  >
    <input
      placeholder="Search your Gif"
      type="text"
      value=""
    />
  </form>
  <h3>
    One Punch Man
  </h3>
  <h2>
    Loading Images...
  </h2>
  <div
    class="card-grid"
  />
</div>
`;
